#,,"generated_by='OpenQuake engine 3.17.0-git0243415598', start_date='2023-05-25T09:59:43', checksum=629049177"
loss_type,loss,stat
contents,204336.6515625,mean
contents,201377.09375,quantile-0.15
contents,201377.09375,quantile-0.85
structural,426087.16875000007,mean
structural,421847.59375,quantile-0.15
structural,421847.59375,quantile-0.85
structural+contents,630423.875,mean
structural+contents,623224.75,quantile-0.15
structural+contents,623224.75,quantile-0.85
