#,,,"generated_by='OpenQuake engine 3.17.0-git0e90046862', start_date='2023-04-28T09:24:34', checksum=1875827069, investigation_time=50.0, risk_investigation_time=50.0"
loss_type,rlz_id,loss_value,loss_ratio
structural,0,1.06201E+03,9.65461E-02
structural,1,1.14426E+03,1.04024E-01
