+--------+-------------+
| rlz_id | structural  |
+--------+-------------+
| 0      | 2.13529E+05 |
+--------+-------------+