#,,,,,,"generated_by='OpenQuake engine 3.17.0-git2454f1c2d6', start_date='2023-04-26T10:00:08', checksum=1695557895, risk_investigation_time=1.0, num_events=16828, effective_time=10000.0, limit_states='moderate complete'"
return_period,loss_type,rlz_id,fatalities_value,fatalities_ratio,losses_value,losses_ratio
500,structural,0,1.36404E+03,2.66935E-01,4.40540E+06,3.71044E-01
500,structural,1,4.95023E+02,9.68733E-02,1.91788E+06,1.61533E-01
500,structural,2,8.05442E+01,1.57621E-02,2.89668E+05,2.43972E-02
500,structural,3,1.09316E+01,2.13925E-03,5.75179E+04,4.84443E-03
500,structural,4,1.02957E+01,2.01482E-03,5.38475E+04,4.53530E-03
