#,"generated_by='OpenQuake engine 3.17.0-git0e90046862', start_date='2023-04-28T09:24:03', checksum=2453527097, investigation_time=50.0, risk_investigation_time=50.0"
source,value
1,4.06055E+02
2,7.94501E+02
3,2.23567E+03
