 Entering Gaussian System, Link 0=g09
 Initial command:
 /opt/shared/gaussian/g09/l1.exe "/cluster/kappa/90-days-archive/rajputlab/mbliss01/LAMMPS_Examples/Phen_systems/esp_file_creation/oh/Gau-31713.inp" -scrdir="/cluster/kappa/90-days-archive/rajputlab/mbliss01/LAMMPS_Examples/Phen_systems/esp_file_creation/oh/"
 Entering Link 1 = /opt/shared/gaussian/g09/l1.exe PID=     31714.
  
 Copyright (c) 1988,1990,1992,1993,1995,1998,2003,2009,2013,
            Gaussian, Inc.  All Rights Reserved.
  
 This is part of the Gaussian(R) 09 program.  It is based on
 the Gaussian(R) 03 system (copyright 2003, Gaussian, Inc.),
 the Gaussian(R) 98 system (copyright 1998, Gaussian, Inc.),
 the Gaussian(R) 94 system (copyright 1995, Gaussian, Inc.),
 the Gaussian 92(TM) system (copyright 1992, Gaussian, Inc.),
 the Gaussian 90(TM) system (copyright 1990, Gaussian, Inc.),
 the Gaussian 88(TM) system (copyright 1988, Gaussian, Inc.),
 the Gaussian 86(TM) system (copyright 1986, Carnegie Mellon
 University), and the Gaussian 82(TM) system (copyright 1983,
 Carnegie Mellon University). Gaussian is a federally registered
 trademark of Gaussian, Inc.
  
 This software contains proprietary and confidential information,
 including trade secrets, belonging to Gaussian, Inc.
  
 This software is provided under written license and may be
 used, copied, transmitted, or stored only in accord with that
 written license.
  
 The following legend is applicable only to US Government
 contracts under FAR:
  
                    RESTRICTED RIGHTS LEGEND
  
 Use, reproduction and disclosure by the US Government is
 subject to restrictions as set forth in subparagraphs (a)
 and (c) of the Commercial Computer Software - Restricted
 Rights clause in FAR 52.227-19.
  
 Gaussian, Inc.
 340 Quinnipiac St., Bldg. 40, Wallingford CT 06492
  
  
 ---------------------------------------------------------------
 Warning -- This program may not be used in any manner that
 competes with the business of Gaussian, Inc. or will provide
 assistance to any competitor of Gaussian, Inc.  The licensee
 of this program is prohibited from giving any competitor of
 Gaussian, Inc. access to this program.  By using this program,
 the user acknowledges that Gaussian, Inc. is engaged in the
 business of creating and licensing software in the field of
 computational chemistry and represents and warrants to the
 licensee that it is not a competitor of Gaussian, Inc. and that
 it will not use this program in any manner prohibited above.
 ---------------------------------------------------------------
  

 Cite this work as:
 Gaussian 09, Revision D.01,
 M. J. Frisch, G. W. Trucks, H. B. Schlegel, G. E. Scuseria, 
 M. A. Robb, J. R. Cheeseman, G. Scalmani, V. Barone, B. Mennucci, 
 G. A. Petersson, H. Nakatsuji, M. Caricato, X. Li, H. P. Hratchian, 
 A. F. Izmaylov, J. Bloino, G. Zheng, J. L. Sonnenberg, M. Hada, 
 M. Ehara, K. Toyota, R. Fukuda, J. Hasegawa, M. Ishida, T. Nakajima, 
 Y. Honda, O. Kitao, H. Nakai, T. Vreven, J. A. Montgomery, Jr., 
 J. E. Peralta, F. Ogliaro, M. Bearpark, J. J. Heyd, E. Brothers, 
 K. N. Kudin, V. N. Staroverov, T. Keith, R. Kobayashi, J. Normand, 
 K. Raghavachari, A. Rendell, J. C. Burant, S. S. Iyengar, J. Tomasi, 
 M. Cossi, N. Rega, J. M. Millam, M. Klene, J. E. Knox, J. B. Cross, 
 V. Bakken, C. Adamo, J. Jaramillo, R. Gomperts, R. E. Stratmann, 
 O. Yazyev, A. J. Austin, R. Cammi, C. Pomelli, J. W. Ochterski, 
 R. L. Martin, K. Morokuma, V. G. Zakrzewski, G. A. Voth, 
 P. Salvador, J. J. Dannenberg, S. Dapprich, A. D. Daniels, 
 O. Farkas, J. B. Foresman, J. V. Ortiz, J. Cioslowski, 
 and D. J. Fox, Gaussian, Inc., Wallingford CT, 2013.
 
 ******************************************
 Gaussian 09:  ES64L-G09RevD.01 24-Apr-2013
                29-Mar-2020 
 ******************************************
 %NProcShared=12
 Will use up to   12 processors via shared memory.
 %chk=oh.chk
 -----------------------------------------------------
 #n HF/6-31G* Opt=(calcfc,tight) SCF=tight nosymm test
 -----------------------------------------------------
 1/7=10,10=4,18=20,19=15,38=1/1,3;
 2/9=110,12=2,15=1,17=6,18=5,40=1/2;
 3/5=1,6=6,7=1,11=9,16=1,25=1,30=1,71=2,140=1/1,2,3;
 4//1;
 5/5=2,32=2,38=5/2;
 8/6=4,10=90,11=11/1;
 11/6=1,8=1,9=11,15=111,16=1,31=1/1,2,10;
 10/6=1,13=1,31=1/2;
 6/7=2,8=2,9=2,10=2,28=1/1;
 7/10=1,18=20,25=1,30=1/1,2,3,16;
 1/7=10,10=4,18=20,19=15/3(2);
 2/9=110,15=1/2;
 99//99;
 2/9=110,15=1/2;
 3/5=1,6=6,7=1,11=9,16=1,25=1,30=1,71=1/1,2,3;
 4/5=5,16=3,69=1/1;
 5/5=2,32=2,38=5/2;
 7/30=1/1,2,3,16;
 1/7=10,18=20,19=15/3(-5);
 2/9=110,15=1/2;
 6/7=2,8=2,9=2,10=2,19=2,28=1/1;
 99/9=1/99;
 ------
 OH opt
 ------
 Symbolic Z-matrix:
 Charge = -1 Multiplicity = 1
 O                    -4.37127   3.0769    0. 
 H                    -3.43146   3.0769    0. 
 

 GradGradGradGradGradGradGradGradGradGradGradGradGradGradGradGradGradGrad
 Berny optimization.
 Initialization pass.
                           ----------------------------
                           !    Initial Parameters    !
                           ! (Angstroms and Degrees)  !
 --------------------------                            --------------------------
 ! Name  Definition              Value          Derivative Info.                !
 --------------------------------------------------------------------------------
 ! R1    R(1,2)                  0.9398         calculate D2E/DX2 analytically  !
 --------------------------------------------------------------------------------
 Trust Radius=3.00D-01 FncErr=1.00D-07 GrdErr=1.00D-07
 Number of steps in this run=     20 maximum allowed number of steps=    100.
 GradGradGradGradGradGradGradGradGradGradGradGradGradGradGradGradGradGrad

                          Input orientation:                          
 ---------------------------------------------------------------------
 Center     Atomic      Atomic             Coordinates (Angstroms)
 Number     Number       Type             X           Y           Z
 ---------------------------------------------------------------------
      1          8           0       -4.371270    3.076900    0.000000
      2          1           0       -3.431460    3.076900    0.000000
 ---------------------------------------------------------------------
 Symmetry turned off by external request.
 Stoichiometry    HO(1-)
 Framework group  C*V[C*(HO)]
 Deg. of freedom     1
 Full point group                 C*V     NOp   4
 Rotational constants (GHZ):      0.0000000    603.5161664    603.5161664
 Standard basis: 6-31G(d) (6D, 7F)
    17 basis functions,    32 primitive gaussians,    17 cartesian basis functions
     5 alpha electrons        5 beta electrons
       nuclear repulsion energy         4.5045463112 Hartrees.
 NAtoms=    2 NActive=    2 NUniq=    2 SFac= 1.00D+00 NAtFMM=   60 NAOKFM=F Big=F
 Integral buffers will be    131072 words long.
 Raffenetti 1 integral format.
 Two-electron integral symmetry is turned off.
 One-electron integrals computed using PRISM.
 PrsmSu:  requested number of processors reduced to:  10 ShMem   1 Linda.
 NBasis=    17 RedAO= T EigKep=  2.99D-02  NBF=    17
 NBsUse=    17 1.00D-06 EigRej= -1.00D+00 NBFU=    17
 ExpMin= 1.61D-01 ExpMax= 5.48D+03 ExpMxC= 8.25D+02 IAcc=1 IRadAn=         1 AccDes= 0.00D+00
 Harris functional with IExCor=  205 and IRadAn=       1 diagonalized for initial guess.
 HarFok:  IExCor=  205 AccDes= 0.00D+00 IRadAn=         1 IDoV= 1 UseB2=F ITyADJ=14
 ICtDFT=  3500011 ScaDFX=  1.000000  1.000000  1.000000  1.000000
 FoFCou: FMM=F IPFlag=           0 FMFlag=      100000 FMFlg1=           0
         NFxFlg=           0 DoJE=T BraDBF=F KetDBF=T FulRan=T
         wScrn=  0.000000 ICntrl=     500 IOpCl=  0 I1Cent=   200000004 NGrid=           0
         NMat0=    1 NMatS0=      1 NMatT0=    0 NMatD0=    1 NMtDS0=    0 NMtDT0=    0
 Symmetry not used in FoFCou.
 Keep R1 ints in memory in canonical form, NReq=857049.
 Requested convergence on RMS density matrix=1.00D-08 within 128 cycles.
 Requested convergence on MAX density matrix=1.00D-06.
 Requested convergence on             energy=1.00D-06.
 No special actions if energy rises.
 SCF Done:  E(RHF) =  -75.3261144192     A.U. after    9 cycles
            NFock=  9  Conv=0.77D-08     -V/T= 1.9984
 Range of M.O.s used for correlation:     1    17
 NBasis=    17 NAE=     5 NBE=     5 NFC=     0 NFV=     0
 NROrb=     17 NOA=     5 NOB=     5 NVA=    12 NVB=    12
 PrsmSu:  requested number of processors reduced to:  10 ShMem   1 Linda.
 Symmetrizing basis deriv contribution to polar:
 IMax=3 JMax=2 DiffMx= 0.00D+00
 G2DrvN: will do     3 centers at a time, making    1 passes.
 Calling FoFCou, ICntrl=  3107 FMM=F I1Cent=   0 AccDes= 0.00D+00.
 End of G2Drv F.D. properties file   721 does not exist.
 End of G2Drv F.D. properties file   722 does not exist.
 End of G2Drv F.D. properties file   788 does not exist.
          IDoAtm=11
          Differentiating once with respect to nuclear coordinates.
 Keep R1 ints in memory in canonical form, NReq=840333.
          There are     9 degrees of freedom in the 1st order CPHF.  IDoFFX=6 NUNeed=     0.
      3 vectors produced by pass  0 Test12= 6.67D-16 1.11D-08 XBig12= 3.68D-02 1.44D-01.
 AX will form     3 AO Fock derivatives at one time.
      3 vectors produced by pass  1 Test12= 6.67D-16 1.11D-08 XBig12= 4.17D-03 3.60D-02.
      3 vectors produced by pass  2 Test12= 6.67D-16 1.11D-08 XBig12= 4.03D-04 1.03D-02.
      3 vectors produced by pass  3 Test12= 6.67D-16 1.11D-08 XBig12= 1.06D-05 1.71D-03.
      3 vectors produced by pass  4 Test12= 6.67D-16 1.11D-08 XBig12= 1.00D-07 1.73D-04.
      3 vectors produced by pass  5 Test12= 6.67D-16 1.11D-08 XBig12= 2.56D-10 9.02D-06.
      3 vectors produced by pass  6 Test12= 6.67D-16 1.11D-08 XBig12= 2.71D-13 2.79D-07.
      1 vectors produced by pass  7 Test12= 6.67D-16 1.11D-08 XBig12= 1.82D-15 2.07D-08.
 InvSVY:  IOpt=1 It=  1 EMax= 2.22D-16
 Solved reduced A of dimension    22 with     3 vectors.
 End of Minotr F.D. properties file   721 does not exist.
 End of Minotr F.D. properties file   722 does not exist.
 End of Minotr F.D. properties file   788 does not exist.

 **********************************************************************

            Population analysis using the SCF density.

 **********************************************************************

 Alpha  occ. eigenvalues --  -20.08277  -0.82854  -0.17692  -0.03595  -0.03595
 Alpha virt. eigenvalues --    0.56536   1.47015   1.51945   1.59268   1.59268
 Alpha virt. eigenvalues --    1.80175   2.49358   2.49358   2.55428   2.55428
 Alpha virt. eigenvalues --    3.27137   4.26926
          Condensed to atoms (all electrons):
               1          2
     1  O    9.060023   0.161808
     2  H    0.161808   0.616362
 Mulliken charges:
               1
     1  O   -1.221830
     2  H    0.221830
 Sum of Mulliken charges =  -1.00000
 Mulliken charges with hydrogens summed into heavy atoms:
               1
     1  O   -1.000000
 APT charges:
               1
     1  O   -1.160517
     2  H    0.160517
 Sum of APT charges =  -1.00000
 APT charges with hydrogens summed into heavy atoms:
               1
     1  O   -1.000000
 Electronic spatial extent (au):  <R**2>=           1017.1947
 Charge=             -1.0000 electrons
 Dipole moment (field-independent basis, Debye):
    X=             21.9743    Y=            -14.7790    Z=              0.0000  Tot=             26.4818
 Quadrupole moment (field-independent basis, Debye-Ang):
   XX=           -106.7200   YY=            -53.4299   ZZ=             -7.9564
   XY=             67.6126   XZ=              0.0000   YZ=              0.0000
 Traceless Quadrupole moment (field-independent basis, Debye-Ang):
   XX=            -50.6846   YY=              2.6056   ZZ=             48.0790
   XY=             67.6126   XZ=              0.0000   YZ=              0.0000
 Octapole moment (field-independent basis, Debye-Ang**2):
  XXX=            539.6508  YYY=           -213.3607  ZZZ=              0.0000  XYY=            242.1748
  XXY=           -328.3668  XXZ=              0.0000  XZZ=             34.1374  YZZ=            -24.4811
  YYZ=              0.0000  XYZ=              0.0000
 Hexadecapole moment (field-independent basis, Debye-Ang**3):
 XXXX=          -2797.1314 YYYY=           -888.6422 ZZZZ=             -6.1747 XXXY=           1660.4516
 XXXZ=              0.0000 YYYX=            955.2225 YYYZ=              0.0000 ZZZX=              0.0000
 ZZZY=              0.0000 XXYY=          -1159.3479 XXZZ=           -148.9962 YYZZ=            -77.3843
 XXYZ=              0.0000 YYXZ=              0.0000 ZZXY=            105.0375
 N-N= 4.504546311191D+00 E-N=-1.927883207581D+02  KE= 7.544728296089D+01
  Exact polarizability:   0.000   0.000   0.000   0.000   0.000   0.000
 Approx polarizability:   6.777   0.000   2.516   0.000   0.000   2.516
 PrsmSu:  requested number of processors reduced to:  10 ShMem   1 Linda.
 PrsmSu:  requested number of processors reduced to:  10 ShMem   1 Linda.
 Calling FoFJK, ICntrl=    100147 FMM=F ISym2X=0 I1Cent= 0 IOpClX= 0 NMat=1 NMatS=1 NMatT=0.
 CoulSu:  requested number of processors reduced to:  10 ShMem   1 Linda.
 -------------------------------------------------------------------
 Center     Atomic                   Forces (Hartrees/Bohr)
 Number     Number              X              Y              Z
 -------------------------------------------------------------------
      1        8          -0.023356146    0.000000000    0.000000000
      2        1           0.023356146    0.000000000    0.000000000
 -------------------------------------------------------------------
 Cartesian Forces:  Max     0.023356146 RMS     0.013484677
 FormGI is forming the generalized inverse of G from B-inverse, IUseBI=4.

 GradGradGradGradGradGradGradGradGradGradGradGradGradGradGradGradGradGrad
 Berny optimization.
 Internal  Forces:  Max     0.023356146 RMS     0.023356146
 Search for a local minimum.
 Step number   1 out of a maximum of   20
 All quantities printed in internal units (Hartrees-Bohrs-Radians)
 Mixed Optimization -- RFO/linear search
 Second derivative matrix not updated -- analytic derivatives used.
 The second derivative matrix:
                          R1
           R1           0.59490
 ITU=  0
     Eigenvalues ---    0.59490
 RFO step:  Lambda=-9.15563256D-04 EMin= 5.94902977D-01
 Linear search not attempted -- first point.
 Iteration  1 RMS(Cart)=  0.02771866 RMS(Int)=  0.00000000
 Iteration  2 RMS(Cart)=  0.00000000 RMS(Int)=  0.00000000
 Variable       Old X    -DE/DX   Delta X   Delta X   Delta X     New X
                                 (Linear)    (Quad)   (Total)
    R1        1.77598   0.02336   0.00000   0.03920   0.03920   1.81518
         Item               Value     Threshold  Converged?
 Maximum Force            0.023356     0.000015     NO 
 RMS     Force            0.023356     0.000010     NO 
 Maximum Displacement     0.019600     0.000060     NO 
 RMS     Displacement     0.027719     0.000040     NO 
 Predicted change in Energy=-4.584851D-04
 GradGradGradGradGradGradGradGradGradGradGradGradGradGradGradGradGradGrad

                          Input orientation:                          
 ---------------------------------------------------------------------
 Center     Atomic      Atomic             Coordinates (Angstroms)
 Number     Number       Type             X           Y           Z
 ---------------------------------------------------------------------
      1          8           0       -4.381642    3.076900    0.000000
      2          1           0       -3.421088    3.076900    0.000000
 ---------------------------------------------------------------------
 Symmetry turned off by external request.
 Stoichiometry    HO(1-)
 Framework group  C*V[C*(HO)]
 Deg. of freedom     1
 Full point group                 C*V     NOp   4
 Rotational constants (GHZ):      0.0000000    577.7309625    577.7309625
 Standard basis: 6-31G(d) (6D, 7F)
    17 basis functions,    32 primitive gaussians,    17 cartesian basis functions
     5 alpha electrons        5 beta electrons
       nuclear repulsion energy         4.4072676322 Hartrees.
 NAtoms=    2 NActive=    2 NUniq=    2 SFac= 1.00D+00 NAtFMM=   60 NAOKFM=F Big=F
 Integral buffers will be    131072 words long.
 Raffenetti 1 integral format.
 Two-electron integral symmetry is turned off.
 One-electron integrals computed using PRISM.
 PrsmSu:  requested number of processors reduced to:  10 ShMem   1 Linda.
 NBasis=    17 RedAO= T EigKep=  3.09D-02  NBF=    17
 NBsUse=    17 1.00D-06 EigRej= -1.00D+00 NBFU=    17
 Initial guess from the checkpoint file:  "oh.chk"
 B after Tr=    -0.015244    0.000000    0.000000
         Rot=    1.000000    0.000000    0.000000    0.000000 Ang=   0.00 deg.
 Keep R1 ints in memory in canonical form, NReq=857049.
 Requested convergence on RMS density matrix=1.00D-08 within 128 cycles.
 Requested convergence on MAX density matrix=1.00D-06.
 Requested convergence on             energy=1.00D-06.
 No special actions if energy rises.
 SCF Done:  E(RHF) =  -75.3265957334     A.U. after    8 cycles
            NFock=  8  Conv=0.76D-08     -V/T= 1.9989
 PrsmSu:  requested number of processors reduced to:  10 ShMem   1 Linda.
 Calling FoFJK, ICntrl=      2127 FMM=F ISym2X=0 I1Cent= 0 IOpClX= 0 NMat=1 NMatS=1 NMatT=0.
 -------------------------------------------------------------------
 Center     Atomic                   Forces (Hartrees/Bohr)
 Number     Number              X              Y              Z
 -------------------------------------------------------------------
      1        8          -0.001763642    0.000000000    0.000000000
      2        1           0.001763642    0.000000000    0.000000000
 -------------------------------------------------------------------
 Cartesian Forces:  Max     0.001763642 RMS     0.001018239

 GradGradGradGradGradGradGradGradGradGradGradGradGradGradGradGradGradGrad
 Berny optimization.
 Using GEDIIS/GDIIS optimizer.
 Internal  Forces:  Max     0.001763642 RMS     0.001763642
 Search for a local minimum.
 Step number   2 out of a maximum of   20
 All quantities printed in internal units (Hartrees-Bohrs-Radians)
 Mixed Optimization -- RFO/linear search
 Update second derivatives using D2CorX and points    1    2
 DE= -4.81D-04 DEPred=-4.58D-04 R= 1.05D+00
 TightC=F SS=  1.41D+00  RLast= 3.92D-02 DXNew= 5.0454D-01 1.1760D-01
 Trust test= 1.05D+00 RLast= 3.92D-02 DXMaxT set to 3.00D-01
 The second derivative matrix:
                          R1
           R1           0.55083
 ITU=  1  0
 Use linear search instead of GDIIS.
     Eigenvalues ---    0.55083
 RFO step:  Lambda= 0.00000000D+00 EMin= 5.50827788D-01
 Quartic linear search produced a step of  0.08916.
 Iteration  1 RMS(Cart)=  0.00247133 RMS(Int)=  0.00000000
 Iteration  2 RMS(Cart)=  0.00000000 RMS(Int)=  0.00000000
 Variable       Old X    -DE/DX   Delta X   Delta X   Delta X     New X
                                 (Linear)    (Quad)   (Total)
    R1        1.81518   0.00176   0.00349   0.00000   0.00349   1.81868
         Item               Value     Threshold  Converged?
 Maximum Force            0.001764     0.000015     NO 
 RMS     Force            0.001764     0.000010     NO 
 Maximum Displacement     0.001747     0.000060     NO 
 RMS     Displacement     0.002471     0.000040     NO 
 Predicted change in Energy=-2.799743D-06
 GradGradGradGradGradGradGradGradGradGradGradGradGradGradGradGradGradGrad

                          Input orientation:                          
 ---------------------------------------------------------------------
 Center     Atomic      Atomic             Coordinates (Angstroms)
 Number     Number       Type             X           Y           Z
 ---------------------------------------------------------------------
      1          8           0       -4.382567    3.076900    0.000000
      2          1           0       -3.420163    3.076900    0.000000
 ---------------------------------------------------------------------
 Symmetry turned off by external request.
 Stoichiometry    HO(1-)
 Framework group  C*V[C*(HO)]
 Deg. of freedom     1
 Full point group                 C*V     NOp   4
 Rotational constants (GHZ):      0.0000000    575.5126251    575.5126251
 Standard basis: 6-31G(d) (6D, 7F)
    17 basis functions,    32 primitive gaussians,    17 cartesian basis functions
     5 alpha electrons        5 beta electrons
       nuclear repulsion energy         4.3987981105 Hartrees.
 NAtoms=    2 NActive=    2 NUniq=    2 SFac= 1.00D+00 NAtFMM=   60 NAOKFM=F Big=F
 Integral buffers will be    131072 words long.
 Raffenetti 1 integral format.
 Two-electron integral symmetry is turned off.
 One-electron integrals computed using PRISM.
 PrsmSu:  requested number of processors reduced to:  10 ShMem   1 Linda.
 NBasis=    17 RedAO= T EigKep=  3.10D-02  NBF=    17
 NBsUse=    17 1.00D-06 EigRej= -1.00D+00 NBFU=    17
 Initial guess from the checkpoint file:  "oh.chk"
 B after Tr=    -0.001359    0.000000    0.000000
         Rot=    1.000000    0.000000    0.000000    0.000000 Ang=   0.00 deg.
 Keep R1 ints in memory in canonical form, NReq=857049.
 Requested convergence on RMS density matrix=1.00D-08 within 128 cycles.
 Requested convergence on MAX density matrix=1.00D-06.
 Requested convergence on             energy=1.00D-06.
 No special actions if energy rises.
 SCF Done:  E(RHF) =  -75.3265988050     A.U. after    7 cycles
            NFock=  7  Conv=0.70D-08     -V/T= 1.9990
 PrsmSu:  requested number of processors reduced to:  10 ShMem   1 Linda.
 Calling FoFJK, ICntrl=      2127 FMM=F ISym2X=0 I1Cent= 0 IOpClX= 0 NMat=1 NMatS=1 NMatT=0.
 -------------------------------------------------------------------
 Center     Atomic                   Forces (Hartrees/Bohr)
 Number     Number              X              Y              Z
 -------------------------------------------------------------------
      1        8           0.000001781    0.000000000    0.000000000
      2        1          -0.000001781    0.000000000    0.000000000
 -------------------------------------------------------------------
 Cartesian Forces:  Max     0.000001781 RMS     0.000001028

 GradGradGradGradGradGradGradGradGradGradGradGradGradGradGradGradGradGrad
 Berny optimization.
 Using GEDIIS/GDIIS optimizer.
 Internal  Forces:  Max     0.000001781 RMS     0.000001781
 Search for a local minimum.
 Step number   3 out of a maximum of   20
 All quantities printed in internal units (Hartrees-Bohrs-Radians)
 Mixed Optimization -- En-DIIS/RFO-DIIS
 Update second derivatives using D2CorX and points    2    3
 DE= -3.07D-06 DEPred=-2.80D-06 R= 1.10D+00
 TightC=F SS=  1.41D+00  RLast= 3.49D-03 DXNew= 5.0454D-01 1.0485D-02
 Trust test= 1.10D+00 RLast= 3.49D-03 DXMaxT set to 3.00D-01
 The second derivative matrix:
                          R1
           R1           0.50513
 ITU=  1  1
 Use linear search instead of GDIIS.
     Eigenvalues ---    0.50513
 RFO step:  Lambda= 0.00000000D+00 EMin= 5.05130214D-01
 Quartic linear search produced a step of -0.00102.
 Iteration  1 RMS(Cart)=  0.00000251 RMS(Int)=  0.00000000
 Iteration  2 RMS(Cart)=  0.00000000 RMS(Int)=  0.00000000
 Variable       Old X    -DE/DX   Delta X   Delta X   Delta X     New X
                                 (Linear)    (Quad)   (Total)
    R1        1.81868   0.00000   0.00000   0.00000   0.00000   1.81868
         Item               Value     Threshold  Converged?
 Maximum Force            0.000002     0.000015     YES
 RMS     Force            0.000002     0.000010     YES
 Maximum Displacement     0.000002     0.000060     YES
 RMS     Displacement     0.000003     0.000040     YES
 Predicted change in Energy=-3.139503D-12
 Optimization completed.
    -- Stationary point found.
                           ----------------------------
                           !   Optimized Parameters   !
                           ! (Angstroms and Degrees)  !
 --------------------------                            --------------------------
 ! Name  Definition              Value          Derivative Info.                !
 --------------------------------------------------------------------------------
 ! R1    R(1,2)                  0.9624         -DE/DX =    0.0                 !
 --------------------------------------------------------------------------------
 GradGradGradGradGradGradGradGradGradGradGradGradGradGradGradGradGradGrad

                          Input orientation:                          
 ---------------------------------------------------------------------
 Center     Atomic      Atomic             Coordinates (Angstroms)
 Number     Number       Type             X           Y           Z
 ---------------------------------------------------------------------
      1          8           0       -4.382567    3.076900    0.000000
      2          1           0       -3.420163    3.076900    0.000000
 ---------------------------------------------------------------------
 Symmetry turned off by external request.
 Stoichiometry    HO(1-)
 Framework group  C*V[C*(HO)]
 Deg. of freedom     1
 Full point group                 C*V     NOp   4
 Rotational constants (GHZ):      0.0000000    575.5126251    575.5126251

 **********************************************************************

            Population analysis using the SCF density.

 **********************************************************************

 Alpha  occ. eigenvalues --  -20.08815  -0.82329  -0.17349  -0.03765  -0.03765
 Alpha virt. eigenvalues --    0.56297   1.46368   1.49733   1.59045   1.59045
 Alpha virt. eigenvalues --    1.79705   2.49497   2.49497   2.55312   2.55312
 Alpha virt. eigenvalues --    3.23342   4.25855
          Condensed to atoms (all electrons):
               1          2
     1  O    9.048447   0.157349
     2  H    0.157349   0.636855
 Mulliken charges:
               1
     1  O   -1.205796
     2  H    0.205796
 Sum of Mulliken charges =  -1.00000
 Mulliken charges with hydrogens summed into heavy atoms:
               1
     1  O   -1.000000
 Electronic spatial extent (au):  <R**2>=           1019.7653
 Charge=             -1.0000 electrons
 Dipole moment (field-independent basis, Debye):
    X=             21.9622    Y=            -14.7790    Z=              0.0000  Tot=             26.4718
 Quadrupole moment (field-independent basis, Debye-Ang):
   XX=           -106.6922   YY=            -53.4585   ZZ=             -7.9850
   XY=             67.5756   XZ=              0.0000   YZ=              0.0000
 Traceless Quadrupole moment (field-independent basis, Debye-Ang):
   XX=            -50.6470   YY=              2.5868   ZZ=             48.0602
   XY=             67.5756   XZ=              0.0000   YZ=              0.0000
 Octapole moment (field-independent basis, Debye-Ang**2):
  XXX=            539.9978  YYY=           -213.6245  ZZZ=              0.0000  XYY=            242.2144
  XXY=           -328.2813  XXZ=              0.0000  XZZ=             34.2911  YZZ=            -24.5691
  YYZ=              0.0000  XYZ=              0.0000
 Hexadecapole moment (field-independent basis, Debye-Ang**3):
 XXXX=          -2802.7346 YYYY=           -890.3032 ZZZZ=             -6.2123 XXXY=           1661.5193
 XXXZ=              0.0000 YYYX=            956.2899 YYYZ=              0.0000 ZZZX=              0.0000
 ZZZY=              0.0000 XXYY=          -1159.9506 XXZZ=           -149.8619 YYZZ=            -77.6674
 XXYZ=              0.0000 YYXZ=              0.0000 ZZXY=            105.5102
 N-N= 4.398798110477D+00 E-N=-1.925336257785D+02  KE= 7.540329814422D+01

 Test job not archived.
 1\1\GINC-OMEGA016\FOpt\RHF\6-31G(d)\H1O1(1-)\MBLISS01\29-Mar-2020\0\\#
 n HF/6-31G* Opt=(calcfc,tight) SCF=tight nosymm test\\OH opt\\-1,1\O,-
 4.3825666331,3.0769,0.\H,-3.4201633669,3.0769,0.\\Version=ES64L-G09Rev
 D.01\HF=-75.3265988\RMSD=6.981e-09\RMSF=1.028e-06\Dipole=0.5608326,0.,
 0.\Quadrupole=-37.6548011,1.9232051,35.731596,50.2408003,0.,0.\PG=C*V 
 [C*(H1O1)]\\@


 THE DIFFERENCE BETWEEN A NOOSE AND A HALO IS ONLY 12 INCHES.
 Job cpu time:       0 days  0 hours  0 minutes 46.6 seconds.
 File lengths (MBytes):  RWF=    127 Int=      0 D2E=      0 Chk=      2 Scr=      2
 Normal termination of Gaussian 09 at Sun Mar 29 02:02:34 2020.
