#,,"generated_by='OpenQuake engine 3.17.0-git09efc1e422', start_date='2023-04-26T10:17:04', checksum=4069964564"
site_id,event_id,gmv_PGA
1,1,1.85917E-02
1,2,2.53491E-02
1,3,1.49004E-02
1,4,2.97946E-02
3,19,6.64855E-03
3,20,6.14667E-03
3,21,4.58521E-03
3,22,3.51123E-03
3,39,1.37661E-02
3,40,9.82170E-03
3,41,5.68939E-03
3,42,2.26349E-02
3,43,8.62400E-03
